// Jest Snapshot v1, https://goo.gl/fbAQLP

exports[`<Button /> renders with text as prop 1`] = `
<button
  className=" "
  disabled={undefined}
  onClick={undefined}
/>
`;
